gplink-0.13.6 alpha
Map File - Created 1-15-2010  21:02:00
 
                                 Section Info
                  Section       Type    Address   Location Size(Bytes)
                ---------  ---------  ---------  ---------  ---------
                  STARTUP       code   00000000    program   0x000006
              c_interrupt       code   0x000004    program   0x0000e2
            code_aquarium       code   0x000075    program   0x000636
               code_idata       code   0x000390    program   0x000128
                    .code       code   0x000424    program   0x000068
                   .cinit       code   0x000458    program   0x000028
          ID_aquarium_0_i       code   0x00046c    program   0x000008
          ID_aquarium_1_i       code   0x000470    program   0x000008
             ID_idata_0_i       code   0x000474    program   0x000002
                  .config       code   0x002007    program   0x000002
            ID_aquarium_0      idata   0x00006f       data   0x000004
            ID_aquarium_1      idata   0x000073       data   0x000004
               ID_idata_0      idata   0x000079       data   0x000001
      UD_abs_pic16f874a_0      udata   00000000       data   0x000001
      UD_abs_pic16f874a_1      udata   0x000001       data   0x000001
      UD_abs_pic16f874a_2      udata   0x000002       data   0x000001
      UD_abs_pic16f874a_3      udata   0x000003       data   0x000001
      UD_abs_pic16f874a_4      udata   0x000004       data   0x000001
      UD_abs_pic16f874a_5      udata   0x000005       data   0x000001
      UD_abs_pic16f874a_6      udata   0x000006       data   0x000001
      UD_abs_pic16f874a_7      udata   0x000007       data   0x000001
      UD_abs_pic16f874a_8      udata   0x000008       data   0x000001
      UD_abs_pic16f874a_9      udata   0x000009       data   0x000001
      UD_abs_pic16f874a_a      udata   0x00000a       data   0x000001
      UD_abs_pic16f874a_b      udata   0x00000b       data   0x000001
      UD_abs_pic16f874a_c      udata   0x00000c       data   0x000001
      UD_abs_pic16f874a_d      udata   0x00000d       data   0x000001
      UD_abs_pic16f874a_e      udata   0x00000e       data   0x000001
      UD_abs_pic16f874a_f      udata   0x00000f       data   0x000001
     UD_abs_pic16f874a_10      udata   0x000010       data   0x000001
     UD_abs_pic16f874a_11      udata   0x000011       data   0x000001
     UD_abs_pic16f874a_12      udata   0x000012       data   0x000001
     UD_abs_pic16f874a_13      udata   0x000013       data   0x000001
     UD_abs_pic16f874a_14      udata   0x000014       data   0x000001
     UD_abs_pic16f874a_15      udata   0x000015       data   0x000001
     UD_abs_pic16f874a_16      udata   0x000016       data   0x000001
     UD_abs_pic16f874a_17      udata   0x000017       data   0x000001
     UD_abs_pic16f874a_18      udata   0x000018       data   0x000001
     UD_abs_pic16f874a_19      udata   0x000019       data   0x000001
     UD_abs_pic16f874a_1a      udata   0x00001a       data   0x000001
     UD_abs_pic16f874a_1b      udata   0x00001b       data   0x000001
     UD_abs_pic16f874a_1c      udata   0x00001c       data   0x000001
     UD_abs_pic16f874a_1d      udata   0x00001d       data   0x000001
     UD_abs_pic16f874a_1e      udata   0x00001e       data   0x000001
     UD_abs_pic16f874a_1f      udata   0x00001f       data   0x000001
                sharebank      udata   0x000020       data   0x000010
           UDL_aquarium_0      udata   0x000030       data   0x00001c
            UD_aquarium_1      udata   0x00004c       data   0x000017
              UDL_idata_0      udata   0x000063       data   0x00000c
            UD_aquarium_0      udata   0x000077       data   0x000001
          UD_shadowregs_0      udata   0x000078       data   0x000001
     UD_abs_pic16f874a_81      udata   0x000081       data   0x000001
     UD_abs_pic16f874a_85      udata   0x000085       data   0x000001
     UD_abs_pic16f874a_86      udata   0x000086       data   0x000001
     UD_abs_pic16f874a_87      udata   0x000087       data   0x000001
     UD_abs_pic16f874a_88      udata   0x000088       data   0x000001
     UD_abs_pic16f874a_89      udata   0x000089       data   0x000001
     UD_abs_pic16f874a_8c      udata   0x00008c       data   0x000001
     UD_abs_pic16f874a_8d      udata   0x00008d       data   0x000001
     UD_abs_pic16f874a_8e      udata   0x00008e       data   0x000001
     UD_abs_pic16f874a_91      udata   0x000091       data   0x000001
     UD_abs_pic16f874a_92      udata   0x000092       data   0x000001
     UD_abs_pic16f874a_93      udata   0x000093       data   0x000001
     UD_abs_pic16f874a_94      udata   0x000094       data   0x000001
     UD_abs_pic16f874a_98      udata   0x000098       data   0x000001
     UD_abs_pic16f874a_99      udata   0x000099       data   0x000001
     UD_abs_pic16f874a_9c      udata   0x00009c       data   0x000001
     UD_abs_pic16f874a_9d      udata   0x00009d       data   0x000001
     UD_abs_pic16f874a_9e      udata   0x00009e       data   0x000001
     UD_abs_pic16f874a_9f      udata   0x00009f       data   0x000001
    UD_abs_pic16f874a_10c      udata   0x00010c       data   0x000001
    UD_abs_pic16f874a_10d      udata   0x00010d       data   0x000001
    UD_abs_pic16f874a_10e      udata   0x00010e       data   0x000001
    UD_abs_pic16f874a_10f      udata   0x00010f       data   0x000001
    UD_abs_pic16f874a_18c      udata   0x00018c       data   0x000001
    UD_abs_pic16f874a_18d      udata   0x00018d       data   0x000001
 
                              Program Memory Usage
                               Start         End
                           ---------   ---------
                            0x002007    0x002007
                            0x00046c    0x00046f
                            0x000470    0x000473
                            00000000    0x000002
                            0x000004    0x000074
                            0x000075    0x00038f
                            0x000474    0x000474
                            0x000390    0x000423
                            0x000424    0x000457
                            0x000458    0x00046b
 
                            1141 program addresses used
 
                              Symbols
                     Name    Address   Location    Storage File
                ---------  ---------  ---------  --------- ---------
                    PSAVE   0x000020       data     extern aquarium.asm
                    SSAVE   0x000021       data     extern aquarium.asm
                    WSAVE   0x000022       data     extern aquarium.asm
                    STK12   0x000023       data     extern aquarium.asm
                    STK11   0x000024       data     extern aquarium.asm
                    STK10   0x000025       data     extern aquarium.asm
                    STK09   0x000026       data     extern aquarium.asm
                    STK08   0x000027       data     extern aquarium.asm
                    STK07   0x000028       data     extern aquarium.asm
                    STK06   0x000029       data     extern aquarium.asm
                    STK05   0x00002a       data     extern aquarium.asm
                    STK04   0x00002b       data     extern aquarium.asm
                    STK03   0x00002c       data     extern aquarium.asm
                    STK02   0x00002d       data     extern aquarium.asm
                    STK01   0x00002e       data     extern aquarium.asm
                    STK00   0x00002f       data     extern aquarium.asm
                _PWMCycle   0x000077       data     extern aquarium.asm
                     _PWM   0x00004c       data     extern aquarium.asm
                  r0x103A   0x000030       data     static aquarium.asm
                  r0x103B   0x000031       data     static aquarium.asm
                  r0x103C   0x000032       data     static aquarium.asm
                  r0x103E   0x000033       data     static aquarium.asm
                  r0x1034   0x000034       data     static aquarium.asm
                  r0x1033   0x000035       data     static aquarium.asm
                  r0x1032   0x000036       data     static aquarium.asm
                  r0x1036   0x000037       data     static aquarium.asm
                  r0x1037   0x000038       data     static aquarium.asm
                  r0x1038   0x000039       data     static aquarium.asm
                  r0x1039   0x00003a       data     static aquarium.asm
                  r0x102F   0x00003b       data     static aquarium.asm
                  r0x102E   0x00003c       data     static aquarium.asm
                  r0x102D   0x00003d       data     static aquarium.asm
                  r0x102C   0x00003e       data     static aquarium.asm
                  r0x1030   0x00003f       data     static aquarium.asm
                  r0x1031   0x000040       data     static aquarium.asm
                  r0x102A   0x000041       data     static aquarium.asm
                  r0x102B   0x000042       data     static aquarium.asm
                  r0x1027   0x000043       data     static aquarium.asm
                  r0x1028   0x000044       data     static aquarium.asm
                  r0x1029   0x000045       data     static aquarium.asm
                  r0x1024   0x000046       data     static aquarium.asm
                  r0x1025   0x000047       data     static aquarium.asm
                  r0x1026   0x000048       data     static aquarium.asm
                  r0x1021   0x000049       data     static aquarium.asm
                  r0x1022   0x00004a       data     static aquarium.asm
                  r0x1023   0x00004b       data     static aquarium.asm
                    _tick   0x00006f       data     extern aquarium.asm
                _lasttick   0x000073       data     extern aquarium.asm
         __sdcc_interrupt   0x000004    program     static aquarium.asm
                     _isr   0x000004    program     extern aquarium.asm
               _00112_DS_   0x000030    program     static aquarium.asm
      _c_interrupt_000057   0x000057    program     static aquarium.asm
               _00108_DS_   0x000059    program     static aquarium.asm
      _c_interrupt_000062   0x000062    program     static aquarium.asm
               _00114_DS_   0x000063    program     static aquarium.asm
               _00116_DS_   0x000067    program     static aquarium.asm
         END_OF_INTERRUPT   0x000074    program     static aquarium.asm
                    _main   0x000075    program     extern aquarium.asm
               _00211_DS_   0x000077    program     static aquarium.asm
           _setLEDBothPWM   0x000092    program     extern aquarium.asm
               _00202_DS_   0x0000ae    program     static aquarium.asm
               _00204_DS_   0x0000b8    program     static aquarium.asm
               _00205_DS_   0x0000bc    program     static aquarium.asm
               _setLEDPWM   0x0000c7    program     extern aquarium.asm
      _setLEDBothDiscrete   0x0000df    program     extern aquarium.asm
               _00189_DS_   0x0000fb    program     static aquarium.asm
               _00191_DS_   0x000105    program     static aquarium.asm
               _00192_DS_   0x000109    program     static aquarium.asm
          _setLEDDiscrete   0x000114    program     extern aquarium.asm
               _00183_DS_   0x000130    program     static aquarium.asm
               _00153_DS_   0x000147    program     static aquarium.asm
               _00001_DS_   0x000151    program     static aquarium.asm
               _00002_DS_   0x000156    program     static aquarium.asm
               _00154_DS_   0x000157    program     static aquarium.asm
               _00003_DS_   0x000161    program     static aquarium.asm
               _00004_DS_   0x000166    program     static aquarium.asm
               _00155_DS_   0x000167    program     static aquarium.asm
               _00005_DS_   0x000171    program     static aquarium.asm
               _00006_DS_   0x000176    program     static aquarium.asm
               _00156_DS_   0x000177    program     static aquarium.asm
               _00007_DS_   0x000181    program     static aquarium.asm
               _00008_DS_   0x000186    program     static aquarium.asm
               _00157_DS_   0x000187    program     static aquarium.asm
               _00009_DS_   0x000191    program     static aquarium.asm
               _00010_DS_   0x000196    program     static aquarium.asm
               _00158_DS_   0x000197    program     static aquarium.asm
               _00011_DS_   0x0001a1    program     static aquarium.asm
               _00012_DS_   0x0001a6    program     static aquarium.asm
               _00159_DS_   0x0001a7    program     static aquarium.asm
               _00013_DS_   0x0001b1    program     static aquarium.asm
               _00014_DS_   0x0001b6    program     static aquarium.asm
               _00160_DS_   0x0001b7    program     static aquarium.asm
               _00015_DS_   0x0001c1    program     static aquarium.asm
               _00016_DS_   0x0001c6    program     static aquarium.asm
               _00161_DS_   0x0001c7    program     static aquarium.asm
               _00017_DS_   0x0001d1    program     static aquarium.asm
               _00018_DS_   0x0001d6    program     static aquarium.asm
               _00162_DS_   0x0001d7    program     static aquarium.asm
               _00019_DS_   0x0001e1    program     static aquarium.asm
               _00020_DS_   0x0001e6    program     static aquarium.asm
               _00163_DS_   0x0001e7    program     static aquarium.asm
               _00021_DS_   0x0001f1    program     static aquarium.asm
               _00022_DS_   0x0001f6    program     static aquarium.asm
               _00164_DS_   0x0001f7    program     static aquarium.asm
               _00023_DS_   0x000201    program     static aquarium.asm
               _00024_DS_   0x000206    program     static aquarium.asm
               _00165_DS_   0x000207    program     static aquarium.asm
               _00025_DS_   0x000211    program     static aquarium.asm
               _00026_DS_   0x000216    program     static aquarium.asm
               _00166_DS_   0x000217    program     static aquarium.asm
               _00027_DS_   0x000221    program     static aquarium.asm
               _00028_DS_   0x000226    program     static aquarium.asm
               _00167_DS_   0x000227    program     static aquarium.asm
               _00029_DS_   0x000231    program     static aquarium.asm
               _00030_DS_   0x000236    program     static aquarium.asm
               _00168_DS_   0x000237    program     static aquarium.asm
               _00031_DS_   0x000241    program     static aquarium.asm
               _00032_DS_   0x000246    program     static aquarium.asm
               _00169_DS_   0x000247    program     static aquarium.asm
               _00033_DS_   0x000251    program     static aquarium.asm
               _00034_DS_   0x000256    program     static aquarium.asm
               _00170_DS_   0x000257    program     static aquarium.asm
               _00035_DS_   0x000261    program     static aquarium.asm
               _00036_DS_   0x000266    program     static aquarium.asm
               _00171_DS_   0x000267    program     static aquarium.asm
               _00037_DS_   0x000271    program     static aquarium.asm
               _00038_DS_   0x000276    program     static aquarium.asm
               _00172_DS_   0x000277    program     static aquarium.asm
               _00039_DS_   0x000281    program     static aquarium.asm
               _00040_DS_   0x000286    program     static aquarium.asm
               _00173_DS_   0x000287    program     static aquarium.asm
               _00041_DS_   0x000291    program     static aquarium.asm
               _00042_DS_   0x000296    program     static aquarium.asm
               _00174_DS_   0x000297    program     static aquarium.asm
               _00043_DS_   0x0002a1    program     static aquarium.asm
               _00044_DS_   0x0002a6    program     static aquarium.asm
               _00175_DS_   0x0002a7    program     static aquarium.asm
               _00045_DS_   0x0002b1    program     static aquarium.asm
               _00046_DS_   0x0002b6    program     static aquarium.asm
                 _on_init   0x0002b7    program     extern aquarium.asm
                  _delayS   0x0002d7    program     extern aquarium.asm
               _00144_DS_   0x0002f0    program     static aquarium.asm
                 _delayMs   0x000311    program     extern aquarium.asm
               _00131_DS_   0x00033e    program     static aquarium.asm
               _00047_DS_   0x000357    program     static aquarium.asm
               _00048_DS_   0x000367    program     static aquarium.asm
               _00137_DS_   0x000380    program     static aquarium.asm
             _timer1_init   0x000383    program     extern aquarium.asm
        ___sdcc_saved_fsr   0x000078       data     extern ../build/libsdcc/shadowregs.asm
                  r0x1001   0x000063       data     static ../build/libsdcc/idata.asm
                  r0x1000   0x000064       data     static ../build/libsdcc/idata.asm
                  r0x1002   0x000065       data     static ../build/libsdcc/idata.asm
                  r0x1003   0x000066       data     static ../build/libsdcc/idata.asm
                  r0x1004   0x000067       data     static ../build/libsdcc/idata.asm
                  r0x1005   0x000068       data     static ../build/libsdcc/idata.asm
                  r0x1007   0x000069       data     static ../build/libsdcc/idata.asm
                  r0x1006   0x00006a       data     static ../build/libsdcc/idata.asm
                  r0x1009   0x00006b       data     static ../build/libsdcc/idata.asm
                  r0x1008   0x00006c       data     static ../build/libsdcc/idata.asm
                  r0x100B   0x00006d       data     static ../build/libsdcc/idata.asm
                  r0x100A   0x00006e       data     static ../build/libsdcc/idata.asm
             _force_cinit   0x000079       data     static ../build/libsdcc/idata.asm
    __sdcc_gsinit_startup   0x000390    program     extern ../build/libsdcc/idata.asm
       _code_idata_000008   0x000398    program     static ../build/libsdcc/idata.asm
               _00108_DS_   0x0003a3    program     static ../build/libsdcc/idata.asm
       _code_idata_000030   0x0003c0    program     static ../build/libsdcc/idata.asm
       _code_idata_00003f   0x0003cf    program     static ../build/libsdcc/idata.asm
       _code_idata_000057   0x0003e7    program     static ../build/libsdcc/idata.asm
               _00105_DS_   0x0003f0    program     static ../build/libsdcc/idata.asm
       _code_idata_000076   0x000406    program     static ../build/libsdcc/idata.asm
               _00107_DS_   0x000419    program     static ../build/libsdcc/idata.asm
               _00110_DS_   0x000420    program     static ../build/libsdcc/idata.asm
                __gptrget   0x000424    program     extern _gptrget1.Spp
               __gptrget1   0x000424    program     extern _gptrget1.Spp
            __dataptrget1   0x00042b    program     static _gptrget1.Spp
            __codeptrget1   0x000432    program     extern _gptrget1.Spp
               __gptrget2   0x000437    program     extern _gptrget2.Spp
            __dataptrget2   0x00043f    program     static _gptrget2.Spp
            __codeptrget2   0x000449    program     static _gptrget2.Spp
                    _INDF   00000000       data     extern pic16f874a.asm
                    _TMR0   0x000001       data     extern pic16f874a.asm
                     _PCL   0x000002       data     extern pic16f874a.asm
             _STATUS_bits   0x000003       data     extern pic16f874a.asm
                  _STATUS   0x000003       data     extern pic16f874a.asm
                     _FSR   0x000004       data     extern pic16f874a.asm
              _PORTA_bits   0x000005       data     extern pic16f874a.asm
                   _PORTA   0x000005       data     extern pic16f874a.asm
              _PORTB_bits   0x000006       data     extern pic16f874a.asm
                   _PORTB   0x000006       data     extern pic16f874a.asm
              _PORTC_bits   0x000007       data     extern pic16f874a.asm
                   _PORTC   0x000007       data     extern pic16f874a.asm
              _PORTD_bits   0x000008       data     extern pic16f874a.asm
                   _PORTD   0x000008       data     extern pic16f874a.asm
              _PORTE_bits   0x000009       data     extern pic16f874a.asm
                   _PORTE   0x000009       data     extern pic16f874a.asm
                  _PCLATH   0x00000a       data     extern pic16f874a.asm
             _INTCON_bits   0x00000b       data     extern pic16f874a.asm
                  _INTCON   0x00000b       data     extern pic16f874a.asm
               _PIR1_bits   0x00000c       data     extern pic16f874a.asm
                    _PIR1   0x00000c       data     extern pic16f874a.asm
               _PIR2_bits   0x00000d       data     extern pic16f874a.asm
                    _PIR2   0x00000d       data     extern pic16f874a.asm
                   _TMR1L   0x00000e       data     extern pic16f874a.asm
                   _TMR1H   0x00000f       data     extern pic16f874a.asm
              _T1CON_bits   0x000010       data     extern pic16f874a.asm
                   _T1CON   0x000010       data     extern pic16f874a.asm
                    _TMR2   0x000011       data     extern pic16f874a.asm
              _T2CON_bits   0x000012       data     extern pic16f874a.asm
                   _T2CON   0x000012       data     extern pic16f874a.asm
                  _SSPBUF   0x000013       data     extern pic16f874a.asm
             _SSPCON_bits   0x000014       data     extern pic16f874a.asm
                  _SSPCON   0x000014       data     extern pic16f874a.asm
                  _CCPR1L   0x000015       data     extern pic16f874a.asm
                  _CCPR1H   0x000016       data     extern pic16f874a.asm
            _CCP1CON_bits   0x000017       data     extern pic16f874a.asm
                 _CCP1CON   0x000017       data     extern pic16f874a.asm
              _RCSTA_bits   0x000018       data     extern pic16f874a.asm
                   _RCSTA   0x000018       data     extern pic16f874a.asm
                   _TXREG   0x000019       data     extern pic16f874a.asm
                   _RCREG   0x00001a       data     extern pic16f874a.asm
                  _CCPR2L   0x00001b       data     extern pic16f874a.asm
                  _CCPR2H   0x00001c       data     extern pic16f874a.asm
            _CCP2CON_bits   0x00001d       data     extern pic16f874a.asm
                 _CCP2CON   0x00001d       data     extern pic16f874a.asm
                  _ADRESH   0x00001e       data     extern pic16f874a.asm
             _ADCON0_bits   0x00001f       data     extern pic16f874a.asm
                  _ADCON0   0x00001f       data     extern pic16f874a.asm
         _OPTION_REG_bits   0x000081       data     extern pic16f874a.asm
              _OPTION_REG   0x000081       data     extern pic16f874a.asm
              _TRISA_bits   0x000085       data     extern pic16f874a.asm
                   _TRISA   0x000085       data     extern pic16f874a.asm
              _TRISB_bits   0x000086       data     extern pic16f874a.asm
                   _TRISB   0x000086       data     extern pic16f874a.asm
              _TRISC_bits   0x000087       data     extern pic16f874a.asm
                   _TRISC   0x000087       data     extern pic16f874a.asm
              _TRISD_bits   0x000088       data     extern pic16f874a.asm
                   _TRISD   0x000088       data     extern pic16f874a.asm
              _TRISE_bits   0x000089       data     extern pic16f874a.asm
                   _TRISE   0x000089       data     extern pic16f874a.asm
               _PIE1_bits   0x00008c       data     extern pic16f874a.asm
                    _PIE1   0x00008c       data     extern pic16f874a.asm
               _PIE2_bits   0x00008d       data     extern pic16f874a.asm
                    _PIE2   0x00008d       data     extern pic16f874a.asm
               _PCON_bits   0x00008e       data     extern pic16f874a.asm
                    _PCON   0x00008e       data     extern pic16f874a.asm
            _SSPCON2_bits   0x000091       data     extern pic16f874a.asm
                 _SSPCON2   0x000091       data     extern pic16f874a.asm
                     _PR2   0x000092       data     extern pic16f874a.asm
                  _SSPADD   0x000093       data     extern pic16f874a.asm
            _SSPSTAT_bits   0x000094       data     extern pic16f874a.asm
                 _SSPSTAT   0x000094       data     extern pic16f874a.asm
              _TXSTA_bits   0x000098       data     extern pic16f874a.asm
                   _TXSTA   0x000098       data     extern pic16f874a.asm
                   _SPBRG   0x000099       data     extern pic16f874a.asm
              _CMCON_bits   0x00009c       data     extern pic16f874a.asm
                   _CMCON   0x00009c       data     extern pic16f874a.asm
             _CVRCON_bits   0x00009d       data     extern pic16f874a.asm
                  _CVRCON   0x00009d       data     extern pic16f874a.asm
                  _ADRESL   0x00009e       data     extern pic16f874a.asm
             _ADCON1_bits   0x00009f       data     extern pic16f874a.asm
                  _ADCON1   0x00009f       data     extern pic16f874a.asm
                  _EEDATA   0x00010c       data     extern pic16f874a.asm
                   _EEADR   0x00010d       data     extern pic16f874a.asm
                  _EEDATH   0x00010e       data     extern pic16f874a.asm
                  _EEADRH   0x00010f       data     extern pic16f874a.asm
             _EECON1_bits   0x00018c       data     extern pic16f874a.asm
                  _EECON1   0x00018c       data     extern pic16f874a.asm
                  _EECON2   0x00018d       data     extern pic16f874a.asm
                   _cinit   0x000458    program     extern  
 
